
> procheff-v3@0.1.0 build
> next build --webpack

   ▲ Next.js 16.0.1 (webpack)
   - Environments: .env.local
   - Experiments (use with caution):
     · serverActions

   Creating an optimized production build ...
 ✓ Compiled successfully in 9.3s
   Running TypeScript ...
   Collecting page data ...
(node:85957) Warning: `--localstorage-file` was provided without a valid path
(Use `node --trace-warnings ...` to show where the warning was created)
Warning: Please use the `legacy` build in Node.js environments.
ReferenceError: DOMMatrix is not defined
    at 2694 (.next/server/app/api/analysis/upload/route.js:2:127376)
    at g (.next/server/webpack-runtime.js:1:151)
    at <unknown> (.next/server/app/api/analysis/upload/route.js:133:82220)
    at g.X (.next/server/webpack-runtime.js:1:1277)
    at <unknown> (.next/server/app/api/analysis/upload/route.js:133:82181)
    at Object.<anonymous> (.next/server/app/api/analysis/upload/route.js:133:82251)

> Build error occurred
Error: Failed to collect page data for /api/analysis/upload
    at ignore-listed frames {
  type: 'Error'
}
